// Jest Snapshot v1, https://goo.gl/fbAQLP

exports[`<MyVideo /> matches snapshot 1`] = `
<MyVideo
  autioMuted="muted"
  isHost={true}
  onPlay={[MockFunction]}
>
  <div
    className="Wrapper"
  >
    <video
      autoPlay={true}
      className="Host"
      data-testid="video"
      height={375}
      playsInline={true}
      poster="https://two-face-time.s3.ap-northeast-2.amazonaws.com/background-image/loading.png"
      width={500}
    />
    <canvas
      className="Canvas"
      height={375}
      width={500}
    />
  </div>
</MyVideo>
`;
